SQL> @scripts/00_limpeza.sql
SQL> SET FEEDBACK ON
SQL> WHENEVER SQLERROR EXIT SQL.SQLCODE
SQL> 
SQL> BEGIN
  2    FOR t IN (
  3  	 SELECT 'ATS_ENTREGA' table_name, 1 ordem FROM dual UNION ALL
  4  	 SELECT 'ATS_PAGAMENTO', 2 FROM dual UNION ALL
  5  	 SELECT 'ATS_ITEM_PEDIDO', 3 FROM dual UNION ALL
  6  	 SELECT 'ATS_PEDIDO', 4 FROM dual UNION ALL
  7  	 SELECT 'ATS_PRODUTO', 5 FROM dual UNION ALL
  8  	 SELECT 'ATS_CATEGORIA', 6 FROM dual UNION ALL
  9  	 SELECT 'ATS_ENDERECO', 7 FROM dual UNION ALL
 10  	 SELECT 'ATS_CLIENTE', 8 FROM dual
 11  	 ORDER BY ordem
 12    ) LOOP
 13  	 BEGIN
 14  	   EXECUTE IMMEDIATE 'DROP TABLE ' || t.table_name || ' CASCADE CONSTRAINTS PURGE';
 15  	 EXCEPTION
 16  	   WHEN OTHERS THEN
 17  	     IF SQLCODE != -942 THEN
 18  	       RAISE;
 19  	     END IF;
 20  	 END;
 21    END LOOP;
 22  END;
 23  /

PL/SQL procedure successfully completed.

SQL> 
SQL> PROMPT Limpeza concluida.
Limpeza concluida.
SQL> @scripts/01_criar_tabelas.sql
SQL> SET ECHO ON
SQL> SET FEEDBACK ON
SQL> WHENEVER SQLERROR EXIT SQL.SQLCODE
SQL> 
SQL> CREATE TABLE ats_cliente (
  2    cliente_id	NUMBER GENERATED BY DEFAULT AS IDENTITY,
  3    nome		VARCHAR2(100) NOT NULL,
  4    email		VARCHAR2(150) NOT NULL,
  5    telefone 	VARCHAR2(11),
  6    data_nascimento	DATE NOT NULL,
  7    status_cliente	CHAR(1) DEFAULT 'A' NOT NULL,
  8    CONSTRAINT pk_ats_cliente PRIMARY KEY (cliente_id),
  9    CONSTRAINT uk_ats_cliente_email UNIQUE (email),
 10    CONSTRAINT ck_ats_cliente_nome CHECK (LENGTH(TRIM(nome)) BETWEEN 3 AND 100),
 11    CONSTRAINT ck_ats_cliente_email CHECK (REGEXP_LIKE(email, '^[^@ ]+@[^@ ]+[.][^@ ]+$')),
 12    CONSTRAINT ck_ats_cliente_tel CHECK (telefone IS NULL OR REGEXP_LIKE(telefone, '^[0-9]{10,11}$')),
 13    CONSTRAINT ck_ats_cliente_nasc CHECK (data_nascimento BETWEEN DATE '1900-01-01' AND DATE '2008-09-26'),
 14    CONSTRAINT ck_ats_cliente_status CHECK (status_cliente IN ('A', 'I'))
 15  );

Table created.

SQL> 
SQL> CREATE TABLE ats_endereco (
  2    endereco_id    NUMBER GENERATED BY DEFAULT AS IDENTITY,
  3    cliente_id     NUMBER NOT NULL,
  4    tipo_endereco  VARCHAR2(12) NOT NULL,
  5    logradouro     VARCHAR2(150) NOT NULL,
  6    numero	      NUMBER(6) NOT NULL,
  7    complemento    VARCHAR2(60),
  8    cep	      CHAR(8) NOT NULL,
  9    cidade	      VARCHAR2(80) NOT NULL,
 10    uf	      CHAR(2) NOT NULL,
 11    CONSTRAINT pk_ats_endereco PRIMARY KEY (endereco_id),
 12    CONSTRAINT uk_ats_endereco_cli UNIQUE (endereco_id, cliente_id),
 13    CONSTRAINT fk_ats_endereco_cliente FOREIGN KEY (cliente_id) REFERENCES ats_cliente (cliente_id),
 14    CONSTRAINT ck_ats_endereco_tipo CHECK (tipo_endereco IN ('RESIDENCIAL', 'COMERCIAL')),
 15    CONSTRAINT ck_ats_endereco_logr CHECK (LENGTH(TRIM(logradouro)) BETWEEN 3 AND 150),
 16    CONSTRAINT ck_ats_endereco_num CHECK (numero BETWEEN 1 AND 999999 AND numero = TRUNC(numero)),
 17    CONSTRAINT ck_ats_endereco_cep CHECK (REGEXP_LIKE(cep, '^[0-9]{8}$')),
 18    CONSTRAINT ck_ats_endereco_uf CHECK (REGEXP_LIKE(uf, '^[A-Z]{2}$'))
 19  );

Table created.

SQL> 
SQL> CREATE TABLE ats_categoria (
  2    categoria_id  NUMBER GENERATED BY DEFAULT AS IDENTITY,
  3    nome	     VARCHAR2(80) NOT NULL,
  4    descricao     VARCHAR2(250),
  5    ativo	     CHAR(1) DEFAULT 'S' NOT NULL,
  6    CONSTRAINT pk_ats_categoria PRIMARY KEY (categoria_id),
  7    CONSTRAINT uk_ats_categoria_nome UNIQUE (nome),
  8    CONSTRAINT ck_ats_categoria_nome CHECK (LENGTH(TRIM(nome)) BETWEEN 3 AND 80),
  9    CONSTRAINT ck_ats_categoria_ativo CHECK (ativo IN ('S', 'N'))
 10  );

Table created.

SQL> 
SQL> CREATE TABLE ats_produto (
  2    produto_id    NUMBER GENERATED BY DEFAULT AS IDENTITY,
  3    categoria_id  NUMBER NOT NULL,
  4    sku	     VARCHAR2(20) NOT NULL,
  5    nome	     VARCHAR2(120) NOT NULL,
  6    preco	     NUMBER(12,2) NOT NULL,
  7    estoque	     NUMBER(8) DEFAULT 0 NOT NULL,
  8    ativo	     CHAR(1) DEFAULT 'S' NOT NULL,
  9    CONSTRAINT pk_ats_produto PRIMARY KEY (produto_id),
 10    CONSTRAINT uk_ats_produto_sku UNIQUE (sku),
 11    CONSTRAINT fk_ats_produto_categoria FOREIGN KEY (categoria_id) REFERENCES ats_categoria (categoria_id),
 12    CONSTRAINT ck_ats_produto_nome CHECK (LENGTH(TRIM(nome)) BETWEEN 3 AND 120),
 13    CONSTRAINT ck_ats_produto_preco CHECK (preco BETWEEN 0.01 AND 999999.99),
 14    CONSTRAINT ck_ats_produto_estoque CHECK (estoque BETWEEN 0 AND 99999999 AND estoque = TRUNC(estoque)),
 15    CONSTRAINT ck_ats_produto_ativo CHECK (ativo IN ('S', 'N'))
 16  );

Table created.

SQL> 
SQL> CREATE TABLE ats_pedido (
  2    pedido_id      NUMBER GENERATED BY DEFAULT AS IDENTITY,
  3    cliente_id     NUMBER NOT NULL,
  4    endereco_id    NUMBER NOT NULL,
  5    data_pedido    DATE DEFAULT SYSDATE NOT NULL,
  6    status_pedido  VARCHAR2(12) DEFAULT 'ABERTO' NOT NULL,
  7    valor_total    NUMBER(12,2) NOT NULL,
  8    CONSTRAINT pk_ats_pedido PRIMARY KEY (pedido_id),
  9    CONSTRAINT uk_ats_pedido_id_total UNIQUE (pedido_id, valor_total),
 10    CONSTRAINT fk_ats_pedido_cliente FOREIGN KEY (cliente_id) REFERENCES ats_cliente (cliente_id),
 11    CONSTRAINT fk_ats_pedido_end_cli FOREIGN KEY (endereco_id, cliente_id)
 12  	 REFERENCES ats_endereco (endereco_id, cliente_id),
 13    CONSTRAINT ck_ats_pedido_status CHECK (status_pedido IN ('ABERTO', 'PAGO', 'ENVIADO', 'ENTREGUE', 'CANCELADO')),
 14    CONSTRAINT ck_ats_pedido_total CHECK (valor_total BETWEEN 0 AND 9999999999.99)
 15  );

Table created.

SQL> 
SQL> CREATE TABLE ats_item_pedido (
  2    pedido_id	   NUMBER NOT NULL,
  3    produto_id	   NUMBER NOT NULL,
  4    quantidade	   NUMBER(3) NOT NULL,
  5    preco_unitario	   NUMBER(12,2) NOT NULL,
  6    desconto_percentual NUMBER(5,2) DEFAULT 0 NOT NULL,
  7    CONSTRAINT pk_ats_item_pedido PRIMARY KEY (pedido_id, produto_id),
  8    CONSTRAINT fk_ats_item_pedido FOREIGN KEY (pedido_id) REFERENCES ats_pedido (pedido_id),
  9    CONSTRAINT fk_ats_item_produto FOREIGN KEY (produto_id) REFERENCES ats_produto (produto_id),
 10    CONSTRAINT ck_ats_item_qtd CHECK (quantidade BETWEEN 1 AND 999 AND quantidade = TRUNC(quantidade)),
 11    CONSTRAINT ck_ats_item_preco CHECK (preco_unitario BETWEEN 0.01 AND 999999.99),
 12    CONSTRAINT ck_ats_item_desconto CHECK (desconto_percentual BETWEEN 0 AND 100)
 13  );

Table created.

SQL> 
SQL> CREATE TABLE ats_pagamento (
  2    pagamento_id	 NUMBER GENERATED BY DEFAULT AS IDENTITY,
  3    pedido_id	 NUMBER NOT NULL,
  4    forma_pagamento	 VARCHAR2(12) NOT NULL,
  5    valor		 NUMBER(12,2) NOT NULL,
  6    parcelas 	 NUMBER(2) DEFAULT 1 NOT NULL,
  7    status_pagamento  VARCHAR2(12) DEFAULT 'PENDENTE' NOT NULL,
  8    data_pagamento	 DATE DEFAULT SYSDATE NOT NULL,
  9    CONSTRAINT pk_ats_pagamento PRIMARY KEY (pagamento_id),
 10    CONSTRAINT uk_ats_pagamento_pedido UNIQUE (pedido_id),
 11    CONSTRAINT fk_ats_pagamento_pedido FOREIGN KEY (pedido_id) REFERENCES ats_pedido (pedido_id),
 12    CONSTRAINT fk_ats_pagamento_total FOREIGN KEY (pedido_id, valor)
 13  	 REFERENCES ats_pedido (pedido_id, valor_total),
 14    CONSTRAINT ck_ats_pagamento_forma CHECK (forma_pagamento IN ('PIX', 'CARTAO', 'BOLETO', 'DINHEIRO')),
 15    CONSTRAINT ck_ats_pagamento_valor CHECK (valor BETWEEN 0.01 AND 9999999999.99),
 16    CONSTRAINT ck_ats_pagamento_parc CHECK (parcelas BETWEEN 1 AND 12 AND parcelas = TRUNC(parcelas)),
 17    CONSTRAINT ck_ats_pagamento_status CHECK (status_pagamento IN ('PENDENTE', 'APROVADO', 'RECUSADO', 'ESTORNADO'))
 18  );

Table created.

SQL> 
SQL> CREATE TABLE ats_entrega (
  2    entrega_id	NUMBER GENERATED BY DEFAULT AS IDENTITY,
  3    pedido_id	NUMBER NOT NULL,
  4    transportadora	VARCHAR2(80) NOT NULL,
  5    codigo_rastreio	VARCHAR2(40),
  6    status_entrega	VARCHAR2(12) DEFAULT 'PREPARANDO' NOT NULL,
  7    data_envio	DATE,
  8    data_prevista	DATE,
  9    data_entrega	DATE,
 10    CONSTRAINT pk_ats_entrega PRIMARY KEY (entrega_id),
 11    CONSTRAINT uk_ats_entrega_pedido UNIQUE (pedido_id),
 12    CONSTRAINT uk_ats_entrega_rastreio UNIQUE (codigo_rastreio),
 13    CONSTRAINT fk_ats_entrega_pedido FOREIGN KEY (pedido_id) REFERENCES ats_pedido (pedido_id),
 14    CONSTRAINT ck_ats_entrega_status CHECK (status_entrega IN ('PREPARANDO', 'ENVIADO', 'ENTREGUE', 'DEVOLVIDO')),
 15    CONSTRAINT ck_ats_entrega_prev CHECK (data_prevista IS NULL OR data_envio IS NULL OR data_prevista >= data_envio),
 16    CONSTRAINT ck_ats_entrega_data CHECK (data_entrega IS NULL OR (data_envio IS NOT NULL AND data_entrega >= data_envio)),
 17    CONSTRAINT ck_ats_entrega_concl CHECK (status_entrega <> 'ENTREGUE' OR data_entrega IS NOT NULL)
 18  );

Table created.

SQL> 
SQL> PROMPT Oito tabelas e suas restricoes criadas com sucesso.
Oito tabelas e suas restricoes criadas com sucesso.
SQL> @scripts/02_popular_banco.sql
SQL> SET ECHO ON
SQL> SET FEEDBACK ON
SQL> WHENEVER SQLERROR EXIT SQL.SQLCODE ROLLBACK
SQL> 
SQL> INSERT INTO ats_cliente (cliente_id, nome, email, telefone, data_nascimento, status_cliente)
  2  VALUES (1, 'Ana Souza', 'ana.souza@example.com', '11987654321', DATE '1994-05-12', 'A');

1 row created.

SQL> INSERT INTO ats_cliente (cliente_id, nome, email, telefone, data_nascimento, status_cliente)
  2  VALUES (2, 'Bruno Lima', 'bruno.lima@example.com', '21976543210', DATE '1988-11-03', 'A');

1 row created.

SQL> INSERT INTO ats_cliente (cliente_id, nome, email, telefone, data_nascimento, status_cliente)
  2  VALUES (3, 'Carla Mendes', 'carla.mendes@example.com', '31965432109', DATE '2000-02-29', 'A');

1 row created.

SQL> INSERT INTO ats_cliente (cliente_id, nome, email, telefone, data_nascimento, status_cliente)
  2  VALUES (4, 'Diego Alves', 'diego.alves@example.com', NULL, DATE '1979-08-20', 'I');

1 row created.

SQL> 
SQL> INSERT INTO ats_endereco (endereco_id, cliente_id, tipo_endereco, logradouro, numero, complemento, cep, cidade, uf)
  2  VALUES (101, 1, 'RESIDENCIAL', 'Rua das Flores', 120, 'Apto 31', '01310100', 'Sao Paulo', 'SP');

1 row created.

SQL> INSERT INTO ats_endereco (endereco_id, cliente_id, tipo_endereco, logradouro, numero, complemento, cep, cidade, uf)
  2  VALUES (102, 2, 'RESIDENCIAL', 'Avenida Atlantica', 850, NULL, '22021001', 'Rio de Janeiro', 'RJ');

1 row created.

SQL> INSERT INTO ats_endereco (endereco_id, cliente_id, tipo_endereco, logradouro, numero, complemento, cep, cidade, uf)
  2  VALUES (103, 3, 'COMERCIAL', 'Avenida Afonso Pena', 1500, 'Sala 402', '30130005', 'Belo Horizonte', 'MG');

1 row created.

SQL> INSERT INTO ats_endereco (endereco_id, cliente_id, tipo_endereco, logradouro, numero, complemento, cep, cidade, uf)
  2  VALUES (104, 1, 'COMERCIAL', 'Rua Vergueiro', 55, NULL, '01504000', 'Sao Paulo', 'SP');

1 row created.

SQL> INSERT INTO ats_endereco (endereco_id, cliente_id, tipo_endereco, logradouro, numero, complemento, cep, cidade, uf)
  2  VALUES (105, 4, 'RESIDENCIAL', 'Rua do Comercio', 9, NULL, '80010010', 'Curitiba', 'PR');

1 row created.

SQL> 
SQL> INSERT INTO ats_categoria (categoria_id, nome, descricao, ativo)
  2  VALUES (201, 'Eletronicos', 'Equipamentos eletronicos e acessorios', 'S');

1 row created.

SQL> INSERT INTO ats_categoria (categoria_id, nome, descricao, ativo)
  2  VALUES (202, 'Casa e Cozinha', 'Itens para uso domestico', 'S');

1 row created.

SQL> INSERT INTO ats_categoria (categoria_id, nome, descricao, ativo)
  2  VALUES (203, 'Livros', 'Livros fisicos e materiais de leitura', 'S');

1 row created.

SQL> INSERT INTO ats_categoria (categoria_id, nome, descricao, ativo)
  2  VALUES (204, 'Esportes', 'Artigos esportivos', 'S');

1 row created.

SQL> 
SQL> INSERT INTO ats_produto (produto_id, categoria_id, sku, nome, preco, estoque, ativo)
  2  VALUES (301, 201, 'NOTE-001', 'Notebook 15 polegadas', 3999.90, 12, 'S');

1 row created.

SQL> INSERT INTO ats_produto (produto_id, categoria_id, sku, nome, preco, estoque, ativo)
  2  VALUES (302, 201, 'CEL-001', 'Smartphone 128 GB', 2499.00, 25, 'S');

1 row created.

SQL> INSERT INTO ats_produto (produto_id, categoria_id, sku, nome, preco, estoque, ativo)
  2  VALUES (303, 202, 'CAF-001', 'Cafeteira eletrica', 189.90, 18, 'S');

1 row created.

SQL> INSERT INTO ats_produto (produto_id, categoria_id, sku, nome, preco, estoque, ativo)
  2  VALUES (304, 203, 'LIV-001', 'Livro de Banco de Dados', 89.90, 40, 'S');

1 row created.

SQL> INSERT INTO ats_produto (produto_id, categoria_id, sku, nome, preco, estoque, ativo)
  2  VALUES (305, 204, 'BOL-001', 'Bola oficial', 129.90, 30, 'S');

1 row created.

SQL> INSERT INTO ats_produto (produto_id, categoria_id, sku, nome, preco, estoque, ativo)
  2  VALUES (306, 204, 'COR-001', 'Corda de pular', 45.00, 50, 'S');

1 row created.

SQL> 
SQL> INSERT INTO ats_pedido (pedido_id, cliente_id, endereco_id, data_pedido, status_pedido, valor_total)
  2  VALUES (401, 1, 101, DATE '2026-09-20', 'ENVIADO', 4161.72);

1 row created.

SQL> INSERT INTO ats_pedido (pedido_id, cliente_id, endereco_id, data_pedido, status_pedido, valor_total)
  2  VALUES (402, 2, 102, DATE '2026-09-21', 'PAGO', 2499.00);

1 row created.

SQL> INSERT INTO ats_pedido (pedido_id, cliente_id, endereco_id, data_pedido, status_pedido, valor_total)
  2  VALUES (403, 3, 103, DATE '2026-09-22', 'ABERTO', 389.70);

1 row created.

SQL> INSERT INTO ats_pedido (pedido_id, cliente_id, endereco_id, data_pedido, status_pedido, valor_total)
  2  VALUES (404, 1, 104, DATE '2026-09-23', 'ABERTO', 225.00);

1 row created.

SQL> 
SQL> INSERT INTO ats_item_pedido (pedido_id, produto_id, quantidade, preco_unitario, desconto_percentual)
  2  VALUES (401, 301, 1, 3999.90, 0);

1 row created.

SQL> INSERT INTO ats_item_pedido (pedido_id, produto_id, quantidade, preco_unitario, desconto_percentual)
  2  VALUES (401, 304, 2, 89.90, 10);

1 row created.

SQL> INSERT INTO ats_item_pedido (pedido_id, produto_id, quantidade, preco_unitario, desconto_percentual)
  2  VALUES (402, 302, 1, 2499.00, 0);

1 row created.

SQL> INSERT INTO ats_item_pedido (pedido_id, produto_id, quantidade, preco_unitario, desconto_percentual)
  2  VALUES (403, 305, 3, 129.90, 0);

1 row created.

SQL> INSERT INTO ats_item_pedido (pedido_id, produto_id, quantidade, preco_unitario, desconto_percentual)
  2  VALUES (404, 306, 5, 45.00, 0);

1 row created.

SQL> 
SQL> INSERT INTO ats_pagamento (pagamento_id, pedido_id, forma_pagamento, valor, parcelas, status_pagamento, data_pagamento)
  2  VALUES (501, 401, 'CARTAO', 4161.72, 4, 'APROVADO', DATE '2026-09-20');

1 row created.

SQL> INSERT INTO ats_pagamento (pagamento_id, pedido_id, forma_pagamento, valor, parcelas, status_pagamento, data_pagamento)
  2  VALUES (502, 402, 'PIX', 2499.00, 1, 'APROVADO', DATE '2026-09-21');

1 row created.

SQL> 
SQL> INSERT INTO ats_entrega (entrega_id, pedido_id, transportadora, codigo_rastreio, status_entrega, data_envio, data_prevista, data_entrega)
  2  VALUES (601, 401, 'Entrega Rapida', 'BR2026000001', 'ENVIADO', DATE '2026-09-21', DATE '2026-09-28', NULL);

1 row created.

SQL> INSERT INTO ats_entrega (entrega_id, pedido_id, transportadora, codigo_rastreio, status_entrega, data_envio, data_prevista, data_entrega)
  2  VALUES (602, 402, 'Logistica Brasil', 'BR2026000002', 'PREPARANDO', NULL, NULL, NULL);

1 row created.

SQL> 
SQL> COMMIT;

Commit complete.

SQL> 
SQL> SELECT 'ATS_CLIENTE' tabela, COUNT(*) quantidade FROM ats_cliente UNION ALL
  2  SELECT 'ATS_ENDERECO', COUNT(*) FROM ats_endereco UNION ALL
  3  SELECT 'ATS_CATEGORIA', COUNT(*) FROM ats_categoria UNION ALL
  4  SELECT 'ATS_PRODUTO', COUNT(*) FROM ats_produto UNION ALL
  5  SELECT 'ATS_PEDIDO', COUNT(*) FROM ats_pedido UNION ALL
  6  SELECT 'ATS_ITEM_PEDIDO', COUNT(*) FROM ats_item_pedido UNION ALL
  7  SELECT 'ATS_PAGAMENTO', COUNT(*) FROM ats_pagamento UNION ALL
  8  SELECT 'ATS_ENTREGA', COUNT(*) FROM ats_entrega;

TABELA          QUANTIDADE                                                      
--------------- ----------                                                      
ATS_CLIENTE              4                                                      
ATS_ENDERECO             5                                                      
ATS_CATEGORIA            4                                                      
ATS_PRODUTO              6                                                      
ATS_PEDIDO               4                                                      
ATS_ITEM_PEDIDO          5                                                      
ATS_PAGAMENTO            2                                                      
ATS_ENTREGA              2                                                      

8 rows selected.

SQL> 
SQL> PROMPT Povoamento concluido e confirmado com COMMIT.
Povoamento concluido e confirmado com COMMIT.
SQL> SPOOL OFF
